// Jest Snapshot v1, https://goo.gl/fbAQLP

exports[`renders correctly 1`] = `
<View
  style={
    Object {
      "alignItems": "center",
      "flex": 1,
      "flexDirection": "column",
      "justifyContent": "center",
    }
  }
>
  <Text
    accessible={true}
    allowFontScaling={true}
    ellipsizeMode="tail"
    style={
      Object {
        "fontSize": 30,
        "marginBottom": 20,
        "marginTop": 60,
      }
    }
  >
    Commissions
  </Text>
  <View
    style={
      Object {
        "alignItems": "stretch",
        "backgroundColor": "#fff",
        "flex": 1,
        "flexDirection": "column",
        "minWidth": 300,
      }
    }
  >
    <View
      style={
        Object {
          "alignItems": "center",
          "flex": 1,
          "flexDirection": "row",
          "justifyContent": "space-evenly",
        }
      }
    >
      <Text
        accessible={true}
        allowFontScaling={true}
        ellipsizeMode="tail"
        style={
          Object {
            "fontFamily": "sans-serif",
            "fontSize": 25,
          }
        }
      >
        Sale price
      </Text>
      <Text
        accessible={true}
        allowFontScaling={true}
        ellipsizeMode="tail"
        style={
          Object {
            "fontFamily": "sans-serif",
            "fontSize": 25,
          }
        }
      >
        $
      </Text>
      <TextInput
        allowFontScaling={true}
        keyboardType="numeric"
        onChangeText={[Function]}
        placeholder="0"
        style={
          Object {
            "fontSize": 30,
          }
        }
      />
    </View>
    <View
      style={
        Object {
          "alignItems": "center",
          "flex": 1,
          "flexDirection": "row",
          "justifyContent": "space-evenly",
        }
      }
    >
      <Text
        accessible={true}
        allowFontScaling={true}
        ellipsizeMode="tail"
        style={
          Object {
            "fontFamily": "sans-serif",
            "fontSize": 25,
          }
        }
      >
        Agent fee
      </Text>
      <TextInput
        allowFontScaling={true}
        keyboardType="numeric"
        onChangeText={[Function]}
        placeholder="0"
        style={
          Object {
            "fontSize": 30,
          }
        }
      />
      <Text
        accessible={true}
        allowFontScaling={true}
        ellipsizeMode="tail"
        style={
          Object {
            "fontFamily": "sans-serif",
            "fontSize": 25,
          }
        }
      >
        %
      </Text>
    </View>
    <View
      style={
        Object {
          "alignItems": "center",
          "flex": 1,
          "flexDirection": "row",
          "justifyContent": "space-evenly",
        }
      }
    >
      <Text
        accessible={true}
        allowFontScaling={true}
        ellipsizeMode="tail"
        style={
          Object {
            "fontFamily": "sans-serif",
            "fontSize": 25,
          }
        }
      >
        Advertising
      </Text>
      <Text
        accessible={true}
        allowFontScaling={true}
        ellipsizeMode="tail"
        style={
          Object {
            "fontFamily": "sans-serif",
            "fontSize": 25,
          }
        }
      >
        $
      </Text>
      <TextInput
        allowFontScaling={true}
        keyboardType="numeric"
        onChangeText={[Function]}
        placeholder="0"
        style={
          Object {
            "fontSize": 30,
          }
        }
      />
    </View>
  </View>
  <Text
    accessible={true}
    allowFontScaling={true}
    ellipsizeMode="tail"
    style={
      Object {
        "fontSize": 20,
        "marginBottom": 20,
        "marginTop": 60,
      }
    }
  >
    Commission: $
    0
  </Text>
</View>
`;
