// Jest Snapshot v1, https://goo.gl/fbAQLP

exports[`renders correctly 1`] = `
<View
  style={
    Object {
      "alignItems": "center",
      "backgroundColor": "transparent",
      "flex": 1,
      "flexDirection": "row",
      "justifyContent": "space-between",
      "maxHeight": 100,
    }
  }
>
  <Text
    accessible={true}
    allowFontScaling={true}
    ellipsizeMode="tail"
    style={
      Object {
        "color": "#000000",
        "fontFamily": "sans-serif",
        "fontSize": 20,
      }
    }
  />
  <View
    accessibilityComponentType={undefined}
    accessibilityLabel={undefined}
    accessibilityTraits={undefined}
    accessible={true}
    hitSlop={undefined}
    nativeID={undefined}
    onLayout={undefined}
    onResponderGrant={[Function]}
    onResponderMove={[Function]}
    onResponderRelease={[Function]}
    onResponderTerminate={[Function]}
    onResponderTerminationRequest={[Function]}
    onStartShouldSetResponder={[Function]}
    style={
      Object {
        "alignItems": "center",
        "backgroundColor": "white",
        "borderBottomWidth": 1.5,
        "borderColor": "rgb(211,211,211)",
        "borderRadius": 5,
        "flex": 1,
        "flexDirection": "row",
        "justifyContent": "flex-end",
        "maxWidth": 120,
        "padding": 5,
      }
    }
    testID={undefined}
  >
    <Text
      accessible={true}
      allowFontScaling={true}
      ellipsizeMode="tail"
      style={
        Object {
          "color": "#bbbbbb",
          "fontFamily": "sans-serif",
          "fontSize": 20,
        }
      }
    >
      $
    </Text>
    <TextInput
      allowFontScaling={true}
      keyboardType="phone-pad"
      multiline={false}
      onChangeText={[Function]}
      placeholder="0"
      placeholderTextColor="#bbbbbb"
      selectTextOnFocus={true}
      style={
        Object {
          "color": "#000000",
          "fontSize": 20,
          "margin": 5,
        }
      }
      underlineColorAndroid="transparent"
    />
  </View>
</View>
`;
